{
  "something": 1,
  "somethingelse": "something"
}
